// Jest Snapshot v1, https://goo.gl/fbAQLP

exports[`App component renders App 1`] = `
<Fragment>
  <Header />
  <AboutMe />
  <TechStack />
  <PortfolioSection />
  <Contact />
  <Footer />
</Fragment>
`;
